[ec2-user@ip-172-1-10-233 ~]$ mysql -h mysql-replica.ccbgd6juhufj.us-west-1.rds.amazonaws.com -u admin -p
Enter password: 
Welcome to the MySQL monitor.  Commands end with ; or \g.
Your MySQL connection id is 30
Server version: 8.0.17 Source distribution

Copyright (c) 2000, 2020, Oracle and/or its affiliates. All rights reserved.

Oracle is a registered trademark of Oracle Corporation and/or its
affiliates. Other names may be trademarks of their respective
owners.

Type 'help;' or '\h' for help. Type '\c' to clear the current input statement.

mysql> show databases;
+--------------------+
| Database           |
+--------------------+
| information_schema |
| mysql              |
| performance_schema |
| udacity            |
+--------------------+
4 rows in set (0.00 sec)

mysql> use udacity
Reading table information for completion of table and column names
You can turn off this feature to get a quicker startup with -A

Database changed
mysql> select * from user e;
ERROR 1146 (42S02): Table 'udacity.user' doesn't exist
mysql> SELECT * from USER e;
+----+--------------+
| ID | USERNAME     |
+----+--------------+
|  2 | donald jerry |
+----+--------------+
1 row in set (0.00 sec)

mysql> INSERT into USER (USERNAME) values ('Jerry Tom')
    -> ;
ERROR 1290 (HY000): The MySQL server is running with the --read-only option so it cannot ex
ecute this statement
